// Vitest Snapshot v1, https://vitest.dev/guide/snapshot.html

exports[`Card > matches the snapshot 1`] = `
<DocumentFragment>
  <div
    class="flex flex-col overflow-hidden rounded-xl border border-gray-100 bg-white dark:border-gray-700 dark:bg-gray-900 dark:text-gray-400 h-full"
  >
    <div
      class="flex items-center justify-between rounded-t-lg border-b border-gray-200 bg-gray-50 px-3 py-2.5 dark:border-gray-700 dark:bg-gray-700"
    >
      <h2 />
    </div>
  </div>
</DocumentFragment>
`;
